ets Jul 29 2019 12:21:46

rst:0x1 (POWERON_RESET),boot:0x12 (SPI_FAST_FLASH_BOOT)
configsip: 0, SPIWP:0xee
clk_drv:0x00,q_drv:0x00,d_drv:0x00,cs0_drv:0x00,hd_drv:0x00,wp_drv:0x00
mode:DIO, clock div:2
load:0x3fff0040,len:6272
load:0x40078000,len:15824
load:0x40080400,len:3988
entry 0x40080644
I (757) boot: ESP-IDF v6.1 2nd stage bootloader
I (758) boot: compile time Sep 29 2026 13:20:10
I (759) boot: Multicore bootloader
I (892) boot: chip revision: v0.0
I (898) boot.esp32: SPI Speed      : 40MHz
I (898) boot.esp32: SPI Mode       : DIO
I (898) boot.esp32: SPI Flash Size : 2MB
I (917) boot: Enabling RNG early entropy source...
I (938) boot: Partition Table:
I (938) boot: ## Label            Usage          Type ST Offset   Length
I (938) boot:  0 nvs              WiFi data        01 02 00009000 00006000
I (939) boot:  1 phy_init         RF data          01 01 0000f000 00001000
I (939) boot:  2 factory          factory app      00 00 00010000 00100000
I (954) boot: End of partition table
I (1078) esp_image: segment 0: paddr=00010020 vaddr=3f400020 size=0a2ech ( 41708) map
I (1144) esp_image: segment 1: paddr=0001a314 vaddr=3ffb0000 size=02b78h ( 11128) load
I (1206) esp_image: segment 2: paddr=0001ce94 vaddr=40080000 size=03184h ( 12676) load
I (1274) esp_image: segment 3: paddr=00020020 vaddr=400d0020 size=10a00h ( 68096) map
I (1338) esp_image: segment 4: paddr=00030a28 vaddr=40083184 size=08228h ( 33320) load
I (1403) esp_image: segment 5: paddr=00038c58 vaddr=50000000 size=00028h (    40) load
I (1623) boot: Loaded app from partition at offset 0x10000
I (1623) boot: Disabling RNG early entropy source...
I (1654) cpu_start: Multicore app
I (3014) cpu_start: GPIO 3 and 1 are used as console UART I/O pins
I (3019) cpu_start: Pro cpu start user code
I (3019) cpu_start: cpu freq: 160000000 Hz
I (3019) app_init: Application information:
I (3020) app_init: Project name:     i2c_attach
I (3020) app_init: App version:      1
I (3020) app_init: Compile time:     Sep 29 2026 13:20:27
I (3020) app_init: ELF file SHA256:  ed74ac344...
I (3021) app_init: ESP-IDF:          v6.1
I (3021) efuse_init: Min chip rev:     v0.0
I (3021) efuse_init: Max chip rev:     v3.99 
I (3021) efuse_init: Chip rev:         v0.0
I (3023) heap_init: Initializing. RAM available for dynamic allocation:
I (3025) heap_init: At 3FFAE6E0 len 00001920 (6 KiB): DRAM
I (3025) heap_init: At 3FFB35F8 len 0002CA08 (178 KiB): DRAM
I (3025) heap_init: At 3FFE0440 len 00003AE0 (14 KiB): D/IRAM
I (3026) heap_init: At 3FFE4350 len 0001BCB0 (111 KiB): D/IRAM
I (3026) heap_init: At 4008B3AC len 00014C54 (83 KiB): IRAM
I (3068) spi_flash: detected chip: gd
I (3073) spi_flash: flash io: dio
W (3084) spi_flash: Detected size(4096k) larger than the size in the binary image header(2048k). Using the size in the binary image header.
I (3096) main_task: Started on CPU0
I (3096) main_task: Calling app_main()
port 0 addr 0x48: ESP_OK raw=1900 temp=25.00 C
port 0 addr 0x49: ESP_ERR_INVALID_RESPONSE raw=0000 temp=0.00 C
port 1 addr 0x4a: ESP_ERR_INVALID_RESPONSE raw=0000 temp=0.00 C
probe port1 0x48 (must be absent): ESP_ERR_NOT_FOUND
I2C_ATTACH_DONE
I (3116) main_task: Returned from app_main()
