0 machine-init-done: spi2 has spike-ssi cs=0 -> wired to controller CS
0 ssi[hspi] cs=1 (deasserted)
0 machine-init-done: spi3 has spike-ssi cs=0 -> wired to controller CS
0 ssi[vspi] cs=1 (deasserted)
300098304 gpio R 0xf24 -> 0x00000000
300098336 gpio W 0xf24 <- 0x00000000 (ignored)
301903904 gpio W 0x55c <- 0x00000005 (ignored)
301903968 gpio W 0x024 <- 0x00000800 (ignored)
301904104 gpio W 0x54c <- 0x00000001 (ignored)
301904168 gpio W 0x024 <- 0x00000080 (ignored)
301904320 gpio W 0x134 <- 0x00000087 (ignored)
301904456 gpio W 0x550 <- 0x00000002 (ignored)
301904520 gpio W 0x024 <- 0x00000100 (ignored)
301904672 gpio W 0x138 <- 0x00000088 (ignored)
301904808 gpio W 0x558 <- 0x00000004 (ignored)
301904872 gpio W 0x024 <- 0x00000400 (ignored)
301905024 gpio W 0x140 <- 0x0000008a (ignored)
301905160 gpio W 0x554 <- 0x00000003 (ignored)
301905224 gpio W 0x024 <- 0x00000200 (ignored)
301905376 gpio W 0x13c <- 0x00000089 (ignored)
457472544 gpio W 0x55c <- 0x00000005 (ignored)
457472616 gpio W 0x024 <- 0x00000800 (ignored)
457472800 gpio W 0x54c <- 0x00000001 (ignored)
457472872 gpio W 0x024 <- 0x00000080 (ignored)
457473024 gpio W 0x134 <- 0x00000087 (ignored)
457473208 gpio W 0x550 <- 0x00000002 (ignored)
457473280 gpio W 0x024 <- 0x00000100 (ignored)
457473432 gpio W 0x138 <- 0x00000088 (ignored)
457473616 gpio W 0x558 <- 0x00000004 (ignored)
457473688 gpio W 0x024 <- 0x00000400 (ignored)
457473840 gpio W 0x140 <- 0x0000008a (ignored)
457474024 gpio W 0x554 <- 0x00000003 (ignored)
457474096 gpio W 0x024 <- 0x00000200 (ignored)
457474248 gpio W 0x13c <- 0x00000089 (ignored)
609909744 gpio R 0x09c -> 0x00000000
609909776 gpio W 0x09c <- 0x00000000 (ignored)
609909840 gpio W 0x04c <- 0x00000020 (ignored)
609912912 gpio W 0x028 <- 0x00000020 (ignored)
609912976 gpio R 0x544 -> 0x00000000
609913008 gpio W 0x544 <- 0x00000000 (ignored)
609913024 gpio R 0x544 -> 0x00000000
609913056 gpio W 0x544 <- 0x00000400 (ignored)
609915688 gpio R 0x544 -> 0x00000000
609915736 gpio W 0x544 <- 0x00000100 (ignored)
609915752 gpio R 0x544 -> 0x00000000
609915784 gpio W 0x544 <- 0x00000000 (ignored)
609915848 gpio W 0x024 <- 0x00000020 (ignored)
609916224 gpio R 0x09c -> 0x00000000
609916256 gpio W 0x09c <- 0x00000000 (ignored)
609916552 gpio W 0x008 <- 0x00000020 (ignored)
609916624 spi3 R 0x38 -> 0x00000210
609916656 spi3 W 0x38 <- 0x00000200
609916680 spi3 W 0x38 <- 0x00000000
609916696 spi3 W 0x34 <- 0x00000000
609916712 spi3 W 0x1c <- 0x00000000
609916728 spi3 W 0x20 <- 0x00000000
609916792 spi3 W 0x18 <- 0x00000000
609916840 spi3 W 0x1c <- 0x08000000
609916888 spi3 W 0x1c <- 0x18000000
609916936 spi3 W 0x1c <- 0x18000001
609917392 gpio W 0x00c <- 0x00000020 (ignored)
609917720 spi3 W 0x28 <- 0x0000001f
609917768 spi3 W 0x2c <- 0x0000001f
609917872 spi3 W 0x80 <- 0xffffffff
609917936 spi3 R 0x00 -> 0x00000000
609917968 spi3 W 0x00 <- 0x00040000
609917968 spi3 xfer cmd=0 addr=0 tx=4 rx=4 pin=0x0 (CS0..2 some enabled)
609917968 ssi[vspi] cs=0 (ASSERTED, frame reset)
609917968 ssi[vspi] idx=0 mosi=ff miso=de
609917968 ssi[vspi] idx=1 mosi=ff miso=ad
609917968 ssi[vspi] idx=2 mosi=ff miso=be
609917968 ssi[vspi] idx=3 mosi=ff miso=ef
609917968 ssi[vspi] cs=1 (deasserted)
609917984 spi3 R 0x00 -> 0x00000000
609918528 gpio W 0x008 <- 0x00000020 (ignored)
610017912 gpio W 0x00c <- 0x00000020 (ignored)
610018240 spi3 W 0x28 <- 0x0000001f
610018288 spi3 W 0x2c <- 0x0000001f
610018392 spi3 W 0x80 <- 0x00000000
610018456 spi3 R 0x00 -> 0x00000000
610018488 spi3 W 0x00 <- 0x00040000
610018488 spi3 xfer cmd=0 addr=0 tx=4 rx=4 pin=0x0 (CS0..2 some enabled)
610018488 ssi[vspi] cs=0 (ASSERTED, frame reset)
610018488 ssi[vspi] idx=0 mosi=00 miso=de
610018488 ssi[vspi] idx=1 mosi=00 miso=ad
610018488 ssi[vspi] idx=2 mosi=00 miso=be
610018488 ssi[vspi] idx=3 mosi=00 miso=ef
610018488 ssi[vspi] cs=1 (deasserted)
610018504 spi3 R 0x00 -> 0x00000000
610019048 gpio W 0x008 <- 0x00000020 (ignored)
610118432 gpio W 0x00c <- 0x00000020 (ignored)
610118744 spi3 W 0x28 <- 0x00000007
610118792 spi3 W 0x2c <- 0x00000007
610118896 spi3 W 0x80 <- 0x400e0500
610118960 spi3 R 0x00 -> 0x00000000
610118992 spi3 W 0x00 <- 0x00040000
610118992 spi3 xfer cmd=0 addr=0 tx=1 rx=1 pin=0x0 (CS0..2 some enabled)
610118992 ssi[vspi] cs=0 (ASSERTED, frame reset)
610118992 ssi[vspi] idx=0 mosi=00 miso=de
610118992 ssi[vspi] cs=1 (deasserted)
610119008 spi3 R 0x00 -> 0x00000000
610119656 spi3 W 0x28 <- 0x00000017
610119704 spi3 W 0x2c <- 0x00000017
610119808 spi3 W 0x80 <- 0x40000000
610119872 spi3 R 0x00 -> 0x00000000
610119904 spi3 W 0x00 <- 0x00040000
610119904 spi3 xfer cmd=0 addr=0 tx=3 rx=3 pin=0x0 (CS0..2 some enabled)
610119904 ssi[vspi] cs=0 (ASSERTED, frame reset)
610119904 ssi[vspi] idx=0 mosi=00 miso=de
610119904 ssi[vspi] idx=1 mosi=00 miso=ad
610119904 ssi[vspi] idx=2 mosi=00 miso=be
610119904 ssi[vspi] cs=1 (deasserted)
610119920 spi3 R 0x00 -> 0x00000000
610120472 gpio W 0x008 <- 0x00000020 (ignored)
610382392 gpio R 0x234 -> 0x00000000
610382424 gpio W 0x234 <- 0x00000000 (ignored)
610384904 gpio R 0x230 -> 0x00000000
610384936 gpio W 0x230 <- 0x00000000 (ignored)
610387496 gpio R 0x22c -> 0x00000000
610387528 gpio W 0x22c <- 0x00000000 (ignored)
610447008 spi3 W 0x1c <- 0x18000001
610447056 spi3 W 0x1c <- 0x18000001
610447072 spi3 R 0x38 -> 0x00000210
610447104 spi3 W 0x38 <- 0x00000200
610447120 spi3 R 0x38 -> 0x00000210
610447152 spi3 W 0x38 <- 0x00000210
610447168 spi3 R 0x38 -> 0x00000210
610447200 spi3 W 0x38 <- 0x00000210
610498064 gpio R 0x240 -> 0x00000000
610498096 gpio W 0x240 <- 0x00000000 (ignored)
610506152 spi3 W 0x34 <- 0x00000000
610506312 spi3 W 0x34 <- 0x00000000
610506336 spi3 W 0x18 <- 0x000674e7
610506584 spi3 W 0x34 <- 0x00000000
610506632 spi3 W 0x1c <- 0x18000001
610506744 spi3 W 0x1c <- 0x18000001
610506824 spi3 W 0x1c <- 0x18000001
610506984 spi3 W 0x1c <- 0x18000001
610507144 spi3 W 0x1c <- 0x18000011
610507216 spi3 W 0x34 <- 0x00000000
610507304 spi3 W 0x34 <- 0x00000002
610507392 spi3 W 0x34 <- 0x00000006
610509416 spi3 R 0x38 -> 0x00000210
610509448 spi3 W 0x38 <- 0x00000200
610509464 spi3 R 0x00 -> 0x00000000
610509608 spi3 W 0x1c <- 0x18000011
610509808 spi3 W 0x1c <- 0x18000011
610510104 spi3 W 0x28 <- 0x0000001f
610510232 spi3 W 0x2c <- 0x0000001f
610510376 spi3 W 0x20 <- 0xfc000000
610510456 spi3 W 0x1c <- 0x18000011
610510528 spi3 W 0x24 <- 0xf0000000
610510608 spi3 W 0x1c <- 0x18000011
610510944 spi3 W 0x24 <- 0xf0000000
610511112 spi3 W 0x04 <- 0x00000000
610511200 spi3 W 0x34 <- 0x00000006
610511864 spi3 W 0x1c <- 0x18000011
610511936 spi3 W 0x1c <- 0x18000011
610512008 spi3 R 0x00 -> 0x00000000
610512040 spi3 W 0x00 <- 0x00040000
610512040 spi3 xfer cmd=0 addr=0 tx=4 rx=4 pin=0x6 (CS0..2 some enabled)
610512040 ssi[vspi] cs=0 (ASSERTED, frame reset)
610512040 ssi[vspi] idx=0 mosi=de miso=de
610512040 ssi[vspi] idx=1 mosi=ad miso=ad
610512040 ssi[vspi] idx=2 mosi=be miso=be
610512040 ssi[vspi] idx=3 mosi=40 miso=ef
610512040 ssi[vspi] cs=1 (deasserted)
610512504 spi3 R 0x38 -> 0x00000210
610654752 spi3 R 0x38 -> 0x00000210
610654784 spi3 W 0x38 <- 0x00000200
610654800 spi3 R 0x00 -> 0x00000000
610654944 spi3 W 0x1c <- 0x18000011
610655144 spi3 W 0x1c <- 0x18000011
610655440 spi3 W 0x28 <- 0x0000001f
610655568 spi3 W 0x2c <- 0x0000001f
610655712 spi3 W 0x20 <- 0xfc000000
610655792 spi3 W 0x1c <- 0x18000011
610655864 spi3 W 0x24 <- 0xf0000000
610655944 spi3 W 0x1c <- 0x18000011
610656280 spi3 W 0x24 <- 0xf0000000
610656448 spi3 W 0x04 <- 0x00000000
610656536 spi3 W 0x34 <- 0x00000006
610657296 spi3 W 0x80 <- 0xffffffff
610657520 spi3 W 0x1c <- 0x18000011
610657592 spi3 W 0x1c <- 0x18000011
610657664 spi3 R 0x00 -> 0x00000000
610657696 spi3 W 0x00 <- 0x00040000
610657696 spi3 xfer cmd=0 addr=0 tx=4 rx=4 pin=0x6 (CS0..2 some enabled)
610657696 ssi[vspi] cs=0 (ASSERTED, frame reset)
610657696 ssi[vspi] idx=0 mosi=ff miso=de
610657696 ssi[vspi] idx=1 mosi=ff miso=ad
610657696 ssi[vspi] idx=2 mosi=ff miso=be
610657696 ssi[vspi] idx=3 mosi=ff miso=ef
610657696 ssi[vspi] cs=1 (deasserted)
610658160 spi3 R 0x38 -> 0x00000210
610804176 spi3 R 0x38 -> 0x00000210
610804208 spi3 W 0x38 <- 0x00000200
610804224 spi3 R 0x00 -> 0x00000000
610804368 spi3 W 0x1c <- 0x18000011
610804568 spi3 W 0x1c <- 0x18000011
610804864 spi3 W 0x28 <- 0x0000001f
610804992 spi3 W 0x2c <- 0x0000001f
610805136 spi3 W 0x20 <- 0xfc000000
610805216 spi3 W 0x1c <- 0x18000011
610805288 spi3 W 0x24 <- 0xf0000000
610805368 spi3 W 0x1c <- 0x18000011
610805704 spi3 W 0x24 <- 0xf0000000
610805872 spi3 W 0x04 <- 0x00000000
610805960 spi3 W 0x34 <- 0x00000006
610806720 spi3 W 0x80 <- 0x00000080
610806944 spi3 W 0x1c <- 0x18000011
610807016 spi3 W 0x1c <- 0x18000011
610807088 spi3 R 0x00 -> 0x00000000
610807120 spi3 W 0x00 <- 0x00040000
610807120 spi3 xfer cmd=0 addr=0 tx=4 rx=4 pin=0x6 (CS0..2 some enabled)
610807120 ssi[vspi] cs=0 (ASSERTED, frame reset)
610807120 ssi[vspi] idx=0 mosi=80 miso=de
610807120 ssi[vspi] idx=1 mosi=00 miso=ad
610807120 ssi[vspi] idx=2 mosi=00 miso=be
610807120 ssi[vspi] idx=3 mosi=00 miso=ef
610807120 ssi[vspi] cs=1 (deasserted)
610807584 spi3 R 0x38 -> 0x00000210
1110417523 spi2 W 0x100 <- 0x00001000
1110417595 spi2 W 0x100 <- 0x00000400
1110417827 spi2 W 0x100 <- 0x00000800
1110453299 gpio R 0x158 -> 0x00000000
1110453331 gpio W 0x158 <- 0x00000000 (ignored)
1110455811 gpio R 0x154 -> 0x00000000
1110455843 gpio W 0x154 <- 0x00000000 (ignored)
1110458403 gpio R 0x150 -> 0x00000000
1110458435 gpio W 0x150 <- 0x00000000 (ignored)
1110523731 spi2 W 0x1c <- 0x00000000
1110523779 spi2 W 0x1c <- 0x00000000
1110523795 spi2 R 0x38 -> 0x00000210
1110523827 spi2 W 0x38 <- 0x00000200
1110523843 spi2 R 0x38 -> 0x00000210
1110523875 spi2 W 0x38 <- 0x00000210
1110523891 spi2 R 0x38 -> 0x00000210
1110523923 spi2 W 0x38 <- 0x00000210
1110588187 gpio R 0x15c -> 0x00000000
1110588219 gpio W 0x15c <- 0x00000000 (ignored)
1110598011 spi2 W 0x34 <- 0x00000006
1110598171 spi2 W 0x34 <- 0x00000006
1110598195 spi2 W 0x18 <- 0x000674e7
1110598443 spi2 W 0x34 <- 0x00000006
1110598491 spi2 W 0x1c <- 0x00000000
1110598603 spi2 W 0x1c <- 0x00000001
1110598683 spi2 W 0x1c <- 0x00000001
1110598843 spi2 W 0x1c <- 0x00000001
1110599003 spi2 W 0x1c <- 0x00000011
1110599075 spi2 W 0x34 <- 0x00000006
1110599163 spi2 W 0x34 <- 0x00000006
1110599251 spi2 W 0x34 <- 0x00000006
1110601275 spi2 R 0x38 -> 0x00000210
1110601307 spi2 W 0x38 <- 0x00000200
1110601323 spi2 R 0x00 -> 0x00000000
1110601467 spi2 W 0x1c <- 0x00000011
1110601667 spi2 W 0x1c <- 0x00000011
1110601963 spi2 W 0x28 <- 0x0000001f
1110602091 spi2 W 0x2c <- 0x0000001f
1110602235 spi2 W 0x20 <- 0xfc000007
1110602315 spi2 W 0x1c <- 0x00000011
1110602387 spi2 W 0x24 <- 0xf0000000
1110602467 spi2 W 0x1c <- 0x00000011
1110602803 spi2 W 0x24 <- 0xf0000000
1110602971 spi2 W 0x04 <- 0x00000000
1110603059 spi2 W 0x34 <- 0x00000006
1110604147 spi2 W 0x100 <- 0x00000004
1110604195 spi2 W 0x100 <- 0x00000000
1110604275 spi2 W 0x100 <- 0x00000030
1110604323 spi2 W 0x100 <- 0x00000000
1110604523 spi2 W 0x108 <- 0x000e0644
1110604571 spi2 W 0x108 <- 0x20000000
1110604811 spi2 W 0x1c <- 0x08000011
1110604883 spi2 W 0x1c <- 0x18000011
1110604955 spi2 R 0x00 -> 0x00000000
1110604987 spi2 W 0x00 <- 0x00040000
1110604987 spi2 xfer cmd=0 addr=0 tx=4 rx=4 pin=0x6 (CS0..2 some enabled)
1110604987 ssi[hspi] cs=0 (ASSERTED, frame reset)
1110604987 ssi[hspi] idx=0 mosi=00 miso=de
1110604987 ssi[hspi] idx=1 mosi=00 miso=ad
1110604987 ssi[hspi] idx=2 mosi=00 miso=be
1110604987 ssi[hspi] idx=3 mosi=00 miso=ef
1110604987 ssi[hspi] cs=1 (deasserted)
1110605451 spi2 R 0x38 -> 0x00000210
1110754523 spi2 R 0x38 -> 0x00000210
1110754555 spi2 W 0x38 <- 0x00000200
1110754571 spi2 R 0x00 -> 0x00000000
1110754715 spi2 W 0x1c <- 0x18000011
1110754915 spi2 W 0x1c <- 0x18000011
1110755211 spi2 W 0x28 <- 0x0000003f
1110755339 spi2 W 0x2c <- 0x0000003f
1110755483 spi2 W 0x20 <- 0xfc000007
1110755563 spi2 W 0x1c <- 0x18000011
1110755635 spi2 W 0x24 <- 0xf0000000
1110755715 spi2 W 0x1c <- 0x18000011
1110756051 spi2 W 0x24 <- 0xf0000000
1110756219 spi2 W 0x04 <- 0x00000000
1110756307 spi2 W 0x34 <- 0x00000006
1110757395 spi2 W 0x100 <- 0x00000004
1110757443 spi2 W 0x100 <- 0x00000000
1110757523 spi2 W 0x100 <- 0x00000030
1110757571 spi2 W 0x100 <- 0x00000000
1110757771 spi2 W 0x108 <- 0x000e0644
1110757819 spi2 W 0x108 <- 0x20000000
1110758059 spi2 W 0x1c <- 0x18000011
1110758131 spi2 W 0x1c <- 0x18000011
1110758203 spi2 R 0x00 -> 0x00000000
1110758235 spi2 W 0x00 <- 0x00040000
1110758235 spi2 xfer cmd=0 addr=0 tx=8 rx=8 pin=0x6 (CS0..2 some enabled)
1110758235 ssi[hspi] cs=0 (ASSERTED, frame reset)
1110758235 ssi[hspi] idx=0 mosi=de miso=de
1110758235 ssi[hspi] idx=1 mosi=ad miso=ad
1110758235 ssi[hspi] idx=2 mosi=be miso=be
1110758235 ssi[hspi] idx=3 mosi=ef miso=ef
1110758235 ssi[hspi] idx=4 mosi=00 miso=14
1110758235 ssi[hspi] idx=5 mosi=00 miso=15
1110758235 ssi[hspi] idx=6 mosi=00 miso=16
1110758235 ssi[hspi] idx=7 mosi=00 miso=17
1110758235 ssi[hspi] cs=1 (deasserted)
1110758699 spi2 R 0x38 -> 0x00000210
1110985339 gpio R 0x0ec -> 0x00000000
1110985371 gpio W 0x0ec <- 0x00000000 (ignored)
1110985435 gpio W 0x04c <- 0x02000000 (ignored)
1110988939 gpio W 0x028 <- 0x02000000 (ignored)
1110989003 gpio R 0x594 -> 0x00000000
1110989035 gpio W 0x594 <- 0x00000000 (ignored)
1110989051 gpio R 0x594 -> 0x00000000
1110989083 gpio W 0x594 <- 0x00000400 (ignored)
1110995723 gpio R 0x594 -> 0x00000000
1110995771 gpio W 0x594 <- 0x00000100 (ignored)
1110995787 gpio R 0x594 -> 0x00000000
1110995819 gpio W 0x594 <- 0x00000000 (ignored)
1110995883 gpio W 0x024 <- 0x02000000 (ignored)
1110996259 gpio R 0x0ec -> 0x00000000
1110996291 gpio W 0x0ec <- 0x00000000 (ignored)
1110996587 gpio W 0x008 <- 0x02000000 (ignored)
1110996635 gpio R 0x004 -> 0x00000000
1110996659 gpio R 0x020 -> 0x00000000
1110996747 gpio R 0x03c -> 0x00000000
1111094835 gpio R 0x0f4 -> 0x00000000
1111094867 gpio W 0x0f4 <- 0x00000000 (ignored)
1111095147 gpio W 0x028 <- 0x08000000 (ignored)
1111095211 gpio R 0x59c -> 0x00000000
1111095243 gpio W 0x59c <- 0x00000000 (ignored)
1111095259 gpio R 0x59c -> 0x00000000
1111095291 gpio W 0x59c <- 0x00000400 (ignored)
1111098931 gpio R 0x0f4 -> 0x00000000
1111098987 gpio W 0x0f4 <- 0x00000100 (ignored)
1111100611 gpio W 0x04c <- 0x08000000 (ignored)
1111100667 gpio R 0x0f4 -> 0x00000000
1111100715 gpio W 0x0f4 <- 0x00008000 (ignored)
1111102819 gpio R 0x03c -> 0x00000000
1111102883 gpio R 0x03c -> 0x00000000
1111318275 gpio R 0x0f4 -> 0x00000000
1111318307 gpio W 0x0f4 <- 0x00000000 (ignored)
1111318371 gpio W 0x04c <- 0x08000000 (ignored)
1111318667 gpio W 0x04c <- 0x08000000 (ignored)
1111318723 gpio R 0x0f4 -> 0x00000000
1111318771 gpio W 0x0f4 <- 0x00008000 (ignored)
