0 machine-init-done: spi2 has spike-ssi cs=0 (left unwired)
0 machine-init-done: spi3 has spike-ssi cs=0 (left unwired)
300098304 gpio R 0xf24 -> 0x00000000
300098336 gpio W 0xf24 <- 0x00000000 (ignored)
301903904 gpio W 0x55c <- 0x00000005 (ignored)
301903968 gpio W 0x024 <- 0x00000800 (ignored)
301904104 gpio W 0x54c <- 0x00000001 (ignored)
301904168 gpio W 0x024 <- 0x00000080 (ignored)
301904320 gpio W 0x134 <- 0x00000087 (ignored)
301904456 gpio W 0x550 <- 0x00000002 (ignored)
301904520 gpio W 0x024 <- 0x00000100 (ignored)
301904672 gpio W 0x138 <- 0x00000088 (ignored)
301904808 gpio W 0x558 <- 0x00000004 (ignored)
301904872 gpio W 0x024 <- 0x00000400 (ignored)
301905024 gpio W 0x140 <- 0x0000008a (ignored)
301905160 gpio W 0x554 <- 0x00000003 (ignored)
301905224 gpio W 0x024 <- 0x00000200 (ignored)
301905376 gpio W 0x13c <- 0x00000089 (ignored)
457472544 gpio W 0x55c <- 0x00000005 (ignored)
457472616 gpio W 0x024 <- 0x00000800 (ignored)
457472800 gpio W 0x54c <- 0x00000001 (ignored)
457472872 gpio W 0x024 <- 0x00000080 (ignored)
457473024 gpio W 0x134 <- 0x00000087 (ignored)
457473208 gpio W 0x550 <- 0x00000002 (ignored)
457473280 gpio W 0x024 <- 0x00000100 (ignored)
457473432 gpio W 0x138 <- 0x00000088 (ignored)
457473616 gpio W 0x558 <- 0x00000004 (ignored)
457473688 gpio W 0x024 <- 0x00000400 (ignored)
457473840 gpio W 0x140 <- 0x0000008a (ignored)
457474024 gpio W 0x554 <- 0x00000003 (ignored)
457474096 gpio W 0x024 <- 0x00000200 (ignored)
457474248 gpio W 0x13c <- 0x00000089 (ignored)
609909744 gpio R 0x09c -> 0x00000000
609909776 gpio W 0x09c <- 0x00000000 (ignored)
609909840 gpio W 0x04c <- 0x00000020 (ignored)
609912912 gpio W 0x028 <- 0x00000020 (ignored)
609912976 gpio R 0x544 -> 0x00000000
609913008 gpio W 0x544 <- 0x00000000 (ignored)
609913024 gpio R 0x544 -> 0x00000000
609913056 gpio W 0x544 <- 0x00000400 (ignored)
609915688 gpio R 0x544 -> 0x00000000
609915736 gpio W 0x544 <- 0x00000100 (ignored)
609915752 gpio R 0x544 -> 0x00000000
609915784 gpio W 0x544 <- 0x00000000 (ignored)
609915848 gpio W 0x024 <- 0x00000020 (ignored)
609916224 gpio R 0x09c -> 0x00000000
609916256 gpio W 0x09c <- 0x00000000 (ignored)
609916552 gpio W 0x008 <- 0x00000020 (ignored)
609916624 spi3 R 0x38 -> 0x00000210
609916656 spi3 W 0x38 <- 0x00000200
609916680 spi3 W 0x38 <- 0x00000000
609916696 spi3 W 0x34 <- 0x00000000
609916712 spi3 W 0x1c <- 0x00000000
609916728 spi3 W 0x20 <- 0x00000000
609916792 spi3 W 0x18 <- 0x00000000
609916840 spi3 W 0x1c <- 0x08000000
609916888 spi3 W 0x1c <- 0x18000000
609916936 spi3 W 0x1c <- 0x18000001
609917392 gpio W 0x00c <- 0x00000020 (ignored)
609917720 spi3 W 0x28 <- 0x0000001f
609917768 spi3 W 0x2c <- 0x0000001f
609917872 spi3 W 0x80 <- 0xffffffff
609917936 spi3 R 0x00 -> 0x00000000
609917968 spi3 W 0x00 <- 0x00040000
609917968 spi3 xfer cmd=0 addr=0 tx=4 rx=4 pin=0x0 (CS0..2 some enabled)
609917968 ssi[vspi] idx=0 mosi=ff miso=de
609917968 ssi[vspi] idx=1 mosi=ff miso=ad
609917968 ssi[vspi] idx=2 mosi=ff miso=be
609917968 ssi[vspi] idx=3 mosi=ff miso=ef
609917984 spi3 R 0x00 -> 0x00000000
609918528 gpio W 0x008 <- 0x00000020 (ignored)
610017912 gpio W 0x00c <- 0x00000020 (ignored)
610018240 spi3 W 0x28 <- 0x0000001f
610018288 spi3 W 0x2c <- 0x0000001f
610018392 spi3 W 0x80 <- 0x00000000
610018456 spi3 R 0x00 -> 0x00000000
610018488 spi3 W 0x00 <- 0x00040000
610018488 spi3 xfer cmd=0 addr=0 tx=4 rx=4 pin=0x0 (CS0..2 some enabled)
610018488 ssi[vspi] idx=4 mosi=00 miso=14
610018488 ssi[vspi] idx=5 mosi=00 miso=15
610018488 ssi[vspi] idx=6 mosi=00 miso=16
610018488 ssi[vspi] idx=7 mosi=00 miso=17
610018504 spi3 R 0x00 -> 0x00000000
610019048 gpio W 0x008 <- 0x00000020 (ignored)
610118368 gpio W 0x00c <- 0x00000020 (ignored)
610118680 spi3 W 0x28 <- 0x00000007
610118728 spi3 W 0x2c <- 0x00000007
610118832 spi3 W 0x80 <- 0x400e0500
610118896 spi3 R 0x00 -> 0x00000000
610118928 spi3 W 0x00 <- 0x00040000
610118928 spi3 xfer cmd=0 addr=0 tx=1 rx=1 pin=0x0 (CS0..2 some enabled)
610118928 ssi[vspi] idx=8 mosi=00 miso=18
610118944 spi3 R 0x00 -> 0x00000000
610119592 spi3 W 0x28 <- 0x00000017
610119640 spi3 W 0x2c <- 0x00000017
610119744 spi3 W 0x80 <- 0x40000000
610119808 spi3 R 0x00 -> 0x00000000
610119840 spi3 W 0x00 <- 0x00040000
610119840 spi3 xfer cmd=0 addr=0 tx=3 rx=3 pin=0x0 (CS0..2 some enabled)
610119840 ssi[vspi] idx=9 mosi=00 miso=19
610119840 ssi[vspi] idx=10 mosi=00 miso=1a
610119840 ssi[vspi] idx=11 mosi=00 miso=1b
610119856 spi3 R 0x00 -> 0x00000000
610120408 gpio W 0x008 <- 0x00000020 (ignored)
610382280 gpio R 0x234 -> 0x00000000
610382312 gpio W 0x234 <- 0x00000000 (ignored)
610384792 gpio R 0x230 -> 0x00000000
610384824 gpio W 0x230 <- 0x00000000 (ignored)
610387384 gpio R 0x22c -> 0x00000000
610387416 gpio W 0x22c <- 0x00000000 (ignored)
610446896 spi3 W 0x1c <- 0x18000001
610446944 spi3 W 0x1c <- 0x18000001
610446960 spi3 R 0x38 -> 0x00000210
610446992 spi3 W 0x38 <- 0x00000200
610447008 spi3 R 0x38 -> 0x00000210
610447040 spi3 W 0x38 <- 0x00000210
610447056 spi3 R 0x38 -> 0x00000210
610447088 spi3 W 0x38 <- 0x00000210
610497952 gpio R 0x240 -> 0x00000000
610497984 gpio W 0x240 <- 0x00000000 (ignored)
610506040 spi3 W 0x34 <- 0x00000000
610506200 spi3 W 0x34 <- 0x00000000
610506224 spi3 W 0x18 <- 0x000674e7
610506472 spi3 W 0x34 <- 0x00000000
610506520 spi3 W 0x1c <- 0x18000001
610506632 spi3 W 0x1c <- 0x18000001
610506712 spi3 W 0x1c <- 0x18000001
610506872 spi3 W 0x1c <- 0x18000001
610507032 spi3 W 0x1c <- 0x18000011
610507104 spi3 W 0x34 <- 0x00000000
610507192 spi3 W 0x34 <- 0x00000002
610507280 spi3 W 0x34 <- 0x00000006
610509304 spi3 R 0x38 -> 0x00000210
610509336 spi3 W 0x38 <- 0x00000200
610509352 spi3 R 0x00 -> 0x00000000
610509496 spi3 W 0x1c <- 0x18000011
610509696 spi3 W 0x1c <- 0x18000011
610509992 spi3 W 0x28 <- 0x0000001f
610510120 spi3 W 0x2c <- 0x0000001f
610510264 spi3 W 0x20 <- 0xfc000000
610510344 spi3 W 0x1c <- 0x18000011
610510416 spi3 W 0x24 <- 0xf0000000
610510496 spi3 W 0x1c <- 0x18000011
610510832 spi3 W 0x24 <- 0xf0000000
610511000 spi3 W 0x04 <- 0x00000000
610511088 spi3 W 0x34 <- 0x00000006
610511752 spi3 W 0x1c <- 0x18000011
610511824 spi3 W 0x1c <- 0x18000011
610511896 spi3 R 0x00 -> 0x00000000
610511928 spi3 W 0x00 <- 0x00040000
610511928 spi3 xfer cmd=0 addr=0 tx=4 rx=4 pin=0x6 (CS0..2 some enabled)
610511928 ssi[vspi] idx=12 mosi=19 miso=1c
610511928 ssi[vspi] idx=13 mosi=1a miso=1d
610511928 ssi[vspi] idx=14 mosi=1b miso=1e
610511928 ssi[vspi] idx=15 mosi=40 miso=1f
610512392 spi3 R 0x38 -> 0x00000210
610654608 spi3 R 0x38 -> 0x00000210
610654640 spi3 W 0x38 <- 0x00000200
610654656 spi3 R 0x00 -> 0x00000000
610654800 spi3 W 0x1c <- 0x18000011
610655000 spi3 W 0x1c <- 0x18000011
610655296 spi3 W 0x28 <- 0x0000001f
610655424 spi3 W 0x2c <- 0x0000001f
610655568 spi3 W 0x20 <- 0xfc000000
610655648 spi3 W 0x1c <- 0x18000011
610655720 spi3 W 0x24 <- 0xf0000000
610655800 spi3 W 0x1c <- 0x18000011
610656136 spi3 W 0x24 <- 0xf0000000
610656304 spi3 W 0x04 <- 0x00000000
610656392 spi3 W 0x34 <- 0x00000006
610657152 spi3 W 0x80 <- 0xffffffff
610657376 spi3 W 0x1c <- 0x18000011
610657448 spi3 W 0x1c <- 0x18000011
610657520 spi3 R 0x00 -> 0x00000000
610657552 spi3 W 0x00 <- 0x00040000
610657552 spi3 xfer cmd=0 addr=0 tx=4 rx=4 pin=0x6 (CS0..2 some enabled)
610657552 ssi[vspi] idx=16 mosi=ff miso=20
610657552 ssi[vspi] idx=17 mosi=ff miso=21
610657552 ssi[vspi] idx=18 mosi=ff miso=22
610657552 ssi[vspi] idx=19 mosi=ff miso=23
610658016 spi3 R 0x38 -> 0x00000210
610803968 spi3 R 0x38 -> 0x00000210
610804000 spi3 W 0x38 <- 0x00000200
610804016 spi3 R 0x00 -> 0x00000000
610804160 spi3 W 0x1c <- 0x18000011
610804360 spi3 W 0x1c <- 0x18000011
610804656 spi3 W 0x28 <- 0x0000001f
610804784 spi3 W 0x2c <- 0x0000001f
610804928 spi3 W 0x20 <- 0xfc000000
610805008 spi3 W 0x1c <- 0x18000011
610805080 spi3 W 0x24 <- 0xf0000000
610805160 spi3 W 0x1c <- 0x18000011
610805496 spi3 W 0x24 <- 0xf0000000
610805664 spi3 W 0x04 <- 0x00000000
610805752 spi3 W 0x34 <- 0x00000006
610806512 spi3 W 0x80 <- 0x00000080
610806736 spi3 W 0x1c <- 0x18000011
610806808 spi3 W 0x1c <- 0x18000011
610806880 spi3 R 0x00 -> 0x00000000
610806912 spi3 W 0x00 <- 0x00040000
610806912 spi3 xfer cmd=0 addr=0 tx=4 rx=4 pin=0x6 (CS0..2 some enabled)
610806912 ssi[vspi] idx=20 mosi=80 miso=24
610806912 ssi[vspi] idx=21 mosi=00 miso=25
610806912 ssi[vspi] idx=22 mosi=00 miso=26
610806912 ssi[vspi] idx=23 mosi=00 miso=27
610807376 spi3 R 0x38 -> 0x00000210
1110417524 spi2 W 0x100 <- 0x00001000
1110417596 spi2 W 0x100 <- 0x00000400
1110417828 spi2 W 0x100 <- 0x00000800
1110453300 gpio R 0x158 -> 0x00000000
1110453332 gpio W 0x158 <- 0x00000000 (ignored)
1110455812 gpio R 0x154 -> 0x00000000
1110455844 gpio W 0x154 <- 0x00000000 (ignored)
1110458404 gpio R 0x150 -> 0x00000000
1110458436 gpio W 0x150 <- 0x00000000 (ignored)
1110523732 spi2 W 0x1c <- 0x00000000
1110523780 spi2 W 0x1c <- 0x00000000
1110523796 spi2 R 0x38 -> 0x00000210
1110523828 spi2 W 0x38 <- 0x00000200
1110523844 spi2 R 0x38 -> 0x00000210
1110523876 spi2 W 0x38 <- 0x00000210
1110523892 spi2 R 0x38 -> 0x00000210
1110523924 spi2 W 0x38 <- 0x00000210
1110588188 gpio R 0x15c -> 0x00000000
1110588220 gpio W 0x15c <- 0x00000000 (ignored)
1110598012 spi2 W 0x34 <- 0x00000006
1110598172 spi2 W 0x34 <- 0x00000006
1110598196 spi2 W 0x18 <- 0x000674e7
1110598444 spi2 W 0x34 <- 0x00000006
1110598492 spi2 W 0x1c <- 0x00000000
1110598604 spi2 W 0x1c <- 0x00000001
1110598684 spi2 W 0x1c <- 0x00000001
1110598844 spi2 W 0x1c <- 0x00000001
1110599004 spi2 W 0x1c <- 0x00000011
1110599076 spi2 W 0x34 <- 0x00000006
1110599164 spi2 W 0x34 <- 0x00000006
1110599252 spi2 W 0x34 <- 0x00000006
1110601276 spi2 R 0x38 -> 0x00000210
1110601308 spi2 W 0x38 <- 0x00000200
1110601324 spi2 R 0x00 -> 0x00000000
1110601468 spi2 W 0x1c <- 0x00000011
1110601668 spi2 W 0x1c <- 0x00000011
1110601964 spi2 W 0x28 <- 0x0000001f
1110602092 spi2 W 0x2c <- 0x0000001f
1110602236 spi2 W 0x20 <- 0xfc000007
1110602316 spi2 W 0x1c <- 0x00000011
1110602388 spi2 W 0x24 <- 0xf0000000
1110602468 spi2 W 0x1c <- 0x00000011
1110602804 spi2 W 0x24 <- 0xf0000000
1110602972 spi2 W 0x04 <- 0x00000000
1110603060 spi2 W 0x34 <- 0x00000006
1110604148 spi2 W 0x100 <- 0x00000004
1110604196 spi2 W 0x100 <- 0x00000000
1110604276 spi2 W 0x100 <- 0x00000030
1110604324 spi2 W 0x100 <- 0x00000000
1110604524 spi2 W 0x108 <- 0x000e0644
1110604572 spi2 W 0x108 <- 0x20000000
1110604812 spi2 W 0x1c <- 0x08000011
1110604884 spi2 W 0x1c <- 0x18000011
1110604956 spi2 R 0x00 -> 0x00000000
1110604988 spi2 W 0x00 <- 0x00040000
1110604988 spi2 xfer cmd=0 addr=0 tx=4 rx=4 pin=0x6 (CS0..2 some enabled)
1110604988 ssi[hspi] idx=0 mosi=00 miso=de
1110604988 ssi[hspi] idx=1 mosi=00 miso=ad
1110604988 ssi[hspi] idx=2 mosi=00 miso=be
1110604988 ssi[hspi] idx=3 mosi=00 miso=ef
1110605452 spi2 R 0x38 -> 0x00000210
1110754524 spi2 R 0x38 -> 0x00000210
1110754556 spi2 W 0x38 <- 0x00000200
1110754572 spi2 R 0x00 -> 0x00000000
1110754716 spi2 W 0x1c <- 0x18000011
1110754916 spi2 W 0x1c <- 0x18000011
1110755212 spi2 W 0x28 <- 0x0000003f
1110755340 spi2 W 0x2c <- 0x0000003f
1110755484 spi2 W 0x20 <- 0xfc000007
1110755564 spi2 W 0x1c <- 0x18000011
1110755636 spi2 W 0x24 <- 0xf0000000
1110755716 spi2 W 0x1c <- 0x18000011
1110756052 spi2 W 0x24 <- 0xf0000000
1110756220 spi2 W 0x04 <- 0x00000000
1110756308 spi2 W 0x34 <- 0x00000006
1110757396 spi2 W 0x100 <- 0x00000004
1110757444 spi2 W 0x100 <- 0x00000000
1110757524 spi2 W 0x100 <- 0x00000030
1110757572 spi2 W 0x100 <- 0x00000000
1110757772 spi2 W 0x108 <- 0x000e0644
1110757820 spi2 W 0x108 <- 0x20000000
1110758060 spi2 W 0x1c <- 0x18000011
1110758132 spi2 W 0x1c <- 0x18000011
1110758204 spi2 R 0x00 -> 0x00000000
1110758236 spi2 W 0x00 <- 0x00040000
1110758236 spi2 xfer cmd=0 addr=0 tx=8 rx=8 pin=0x6 (CS0..2 some enabled)
1110758236 ssi[hspi] idx=4 mosi=de miso=14
1110758236 ssi[hspi] idx=5 mosi=ad miso=15
1110758236 ssi[hspi] idx=6 mosi=be miso=16
1110758236 ssi[hspi] idx=7 mosi=ef miso=17
1110758236 ssi[hspi] idx=8 mosi=00 miso=18
1110758236 ssi[hspi] idx=9 mosi=00 miso=19
1110758236 ssi[hspi] idx=10 mosi=00 miso=1a
1110758236 ssi[hspi] idx=11 mosi=00 miso=1b
1110758700 spi2 R 0x38 -> 0x00000210
1110985340 gpio R 0x0ec -> 0x00000000
1110985372 gpio W 0x0ec <- 0x00000000 (ignored)
1110985436 gpio W 0x04c <- 0x02000000 (ignored)
1110988940 gpio W 0x028 <- 0x02000000 (ignored)
1110989004 gpio R 0x594 -> 0x00000000
1110989036 gpio W 0x594 <- 0x00000000 (ignored)
1110989052 gpio R 0x594 -> 0x00000000
1110989084 gpio W 0x594 <- 0x00000400 (ignored)
1110995724 gpio R 0x594 -> 0x00000000
1110995772 gpio W 0x594 <- 0x00000100 (ignored)
1110995788 gpio R 0x594 -> 0x00000000
1110995820 gpio W 0x594 <- 0x00000000 (ignored)
1110995884 gpio W 0x024 <- 0x02000000 (ignored)
1110996260 gpio R 0x0ec -> 0x00000000
1110996292 gpio W 0x0ec <- 0x00000000 (ignored)
1110996588 gpio W 0x008 <- 0x02000000 (ignored)
1110996636 gpio R 0x004 -> 0x00000000
1110996660 gpio R 0x020 -> 0x00000000
1110996748 gpio R 0x03c -> 0x00000000
1111094836 gpio R 0x0f4 -> 0x00000000
1111094868 gpio W 0x0f4 <- 0x00000000 (ignored)
1111095148 gpio W 0x028 <- 0x08000000 (ignored)
1111095212 gpio R 0x59c -> 0x00000000
1111095244 gpio W 0x59c <- 0x00000000 (ignored)
1111095260 gpio R 0x59c -> 0x00000000
1111095292 gpio W 0x59c <- 0x00000400 (ignored)
1111098932 gpio R 0x0f4 -> 0x00000000
1111098988 gpio W 0x0f4 <- 0x00000100 (ignored)
1111100612 gpio W 0x04c <- 0x08000000 (ignored)
1111100668 gpio R 0x0f4 -> 0x00000000
1111100716 gpio W 0x0f4 <- 0x00008000 (ignored)
1111102820 gpio R 0x03c -> 0x00000000
1111102884 gpio R 0x03c -> 0x00000000
1111318276 gpio R 0x0f4 -> 0x00000000
1111318308 gpio W 0x0f4 <- 0x00000000 (ignored)
1111318372 gpio W 0x04c <- 0x08000000 (ignored)
1111318668 gpio W 0x04c <- 0x08000000 (ignored)
1111318724 gpio R 0x0f4 -> 0x00000000
1111318772 gpio W 0x0f4 <- 0x00008000 (ignored)
