0 machine-init-done: spi2 has spike-ssi cs=0 -> wired to controller CS
0 ssi[hspi] cs=1 (deasserted)
0 machine-init-done: spi3 has spike-ssi cs=0 -> wired to controller CS
0 ssi[vspi] cs=1 (deasserted)
300098304 gpio R 0xf24 -> 0x00000000
300098336 gpio W 0xf24 <- 0x00000000 (ignored)
301903904 gpio W 0x55c <- 0x00000005 (ignored)
301903968 gpio W 0x024 <- 0x00000800 (ignored)
301904104 gpio W 0x54c <- 0x00000001 (ignored)
301904168 gpio W 0x024 <- 0x00000080 (ignored)
301904320 gpio W 0x134 <- 0x00000087 (ignored)
301904456 gpio W 0x550 <- 0x00000002 (ignored)
301904520 gpio W 0x024 <- 0x00000100 (ignored)
301904672 gpio W 0x138 <- 0x00000088 (ignored)
301904808 gpio W 0x558 <- 0x00000004 (ignored)
301904872 gpio W 0x024 <- 0x00000400 (ignored)
301905024 gpio W 0x140 <- 0x0000008a (ignored)
301905160 gpio W 0x554 <- 0x00000003 (ignored)
301905224 gpio W 0x024 <- 0x00000200 (ignored)
301905376 gpio W 0x13c <- 0x00000089 (ignored)
457472544 gpio W 0x55c <- 0x00000005 (ignored)
457472616 gpio W 0x024 <- 0x00000800 (ignored)
457472800 gpio W 0x54c <- 0x00000001 (ignored)
457472872 gpio W 0x024 <- 0x00000080 (ignored)
457473024 gpio W 0x134 <- 0x00000087 (ignored)
457473208 gpio W 0x550 <- 0x00000002 (ignored)
457473280 gpio W 0x024 <- 0x00000100 (ignored)
457473432 gpio W 0x138 <- 0x00000088 (ignored)
457473616 gpio W 0x558 <- 0x00000004 (ignored)
457473688 gpio W 0x024 <- 0x00000400 (ignored)
457473840 gpio W 0x140 <- 0x0000008a (ignored)
457474024 gpio W 0x554 <- 0x00000003 (ignored)
457474096 gpio W 0x024 <- 0x00000200 (ignored)
457474248 gpio W 0x13c <- 0x00000089 (ignored)
609909744 gpio R 0x09c -> 0x00000000
609909776 gpio W 0x09c <- 0x00000000 (ignored)
609909840 gpio W 0x04c <- 0x00000020 (ignored)
609912912 gpio W 0x028 <- 0x00000020 (ignored)
609912976 gpio R 0x544 -> 0x00000000
609913008 gpio W 0x544 <- 0x00000000 (ignored)
609913024 gpio R 0x544 -> 0x00000000
609913056 gpio W 0x544 <- 0x00000400 (ignored)
609915688 gpio R 0x544 -> 0x00000000
609915736 gpio W 0x544 <- 0x00000100 (ignored)
609915752 gpio R 0x544 -> 0x00000000
609915784 gpio W 0x544 <- 0x00000000 (ignored)
609915848 gpio W 0x024 <- 0x00000020 (ignored)
609916224 gpio R 0x09c -> 0x00000000
609916256 gpio W 0x09c <- 0x00000000 (ignored)
609916552 gpio W 0x008 <- 0x00000020 (ignored)
609916624 spi3 R 0x38 -> 0x00000210
609916656 spi3 W 0x38 <- 0x00000200
609916680 spi3 W 0x38 <- 0x00000000
609916696 spi3 W 0x34 <- 0x00000000
609916712 spi3 W 0x1c <- 0x00000000
609916728 spi3 W 0x20 <- 0x00000000
609916792 spi3 W 0x18 <- 0x00000000
609916840 spi3 W 0x1c <- 0x08000000
609916888 spi3 W 0x1c <- 0x18000000
609916936 spi3 W 0x1c <- 0x18000001
609917392 gpio W 0x00c <- 0x00000020 (ignored)
609917720 spi3 W 0x28 <- 0x0000001f
609917768 spi3 W 0x2c <- 0x0000001f
609917872 spi3 W 0x80 <- 0xffffffff
609917936 spi3 R 0x00 -> 0x00000000
609917968 spi3 W 0x00 <- 0x00040000
609917968 spi3 xfer cmd=1 addr=0 tx=4 rx=4 pin=0x0 (CS0..2 some enabled)
609917968 ssi[vspi] cs=0 (ASSERTED, frame reset)
609917968 ssi[vspi] idx=0 mosi=00 miso=de
609917968 ssi[vspi] idx=1 mosi=ff miso=ad
609917968 ssi[vspi] idx=2 mosi=ff miso=be
609917968 ssi[vspi] idx=3 mosi=ff miso=ef
609917968 ssi[vspi] idx=4 mosi=ff miso=14
609917968 ssi[vspi] cs=1 (deasserted)
609917984 spi3 R 0x00 -> 0x00000000
609918528 gpio W 0x008 <- 0x00000020 (ignored)
610017912 gpio W 0x00c <- 0x00000020 (ignored)
610018240 spi3 W 0x28 <- 0x0000001f
610018288 spi3 W 0x2c <- 0x0000001f
610018392 spi3 W 0x80 <- 0x00000000
610018456 spi3 R 0x00 -> 0x00000000
610018488 spi3 W 0x00 <- 0x00040000
610018488 spi3 xfer cmd=1 addr=0 tx=4 rx=4 pin=0x0 (CS0..2 some enabled)
610018488 ssi[vspi] cs=0 (ASSERTED, frame reset)
610018488 ssi[vspi] idx=0 mosi=00 miso=de
610018488 ssi[vspi] idx=1 mosi=00 miso=ad
610018488 ssi[vspi] idx=2 mosi=00 miso=be
610018488 ssi[vspi] idx=3 mosi=00 miso=ef
610018488 ssi[vspi] idx=4 mosi=00 miso=14
610018488 ssi[vspi] cs=1 (deasserted)
610018504 spi3 R 0x00 -> 0x00000000
610019048 gpio W 0x008 <- 0x00000020 (ignored)
610118416 gpio W 0x00c <- 0x00000020 (ignored)
610118728 spi3 W 0x28 <- 0x00000007
610118776 spi3 W 0x2c <- 0x00000007
610118880 spi3 W 0x80 <- 0x400e0500
610118944 spi3 R 0x00 -> 0x00000000
610118976 spi3 W 0x00 <- 0x00040000
610118976 spi3 xfer cmd=1 addr=0 tx=1 rx=1 pin=0x0 (CS0..2 some enabled)
610118976 ssi[vspi] cs=0 (ASSERTED, frame reset)
610118976 ssi[vspi] idx=0 mosi=00 miso=de
610118976 ssi[vspi] idx=1 mosi=00 miso=ad
610118976 ssi[vspi] cs=1 (deasserted)
610118992 spi3 R 0x00 -> 0x00000000
610119640 spi3 W 0x28 <- 0x00000017
610119688 spi3 W 0x2c <- 0x00000017
610119792 spi3 W 0x80 <- 0x40000000
610119856 spi3 R 0x00 -> 0x00000000
610119888 spi3 W 0x00 <- 0x00040000
610119888 spi3 xfer cmd=1 addr=0 tx=3 rx=3 pin=0x0 (CS0..2 some enabled)
610119888 ssi[vspi] cs=0 (ASSERTED, frame reset)
610119888 ssi[vspi] idx=0 mosi=00 miso=de
610119888 ssi[vspi] idx=1 mosi=00 miso=ad
610119888 ssi[vspi] idx=2 mosi=00 miso=be
610119888 ssi[vspi] idx=3 mosi=00 miso=ef
610119888 ssi[vspi] cs=1 (deasserted)
610119904 spi3 R 0x00 -> 0x00000000
610120456 gpio W 0x008 <- 0x00000020 (ignored)
610382376 gpio R 0x234 -> 0x00000000
610382408 gpio W 0x234 <- 0x00000000 (ignored)
610384888 gpio R 0x230 -> 0x00000000
610384920 gpio W 0x230 <- 0x00000000 (ignored)
610387480 gpio R 0x22c -> 0x00000000
610387512 gpio W 0x22c <- 0x00000000 (ignored)
610446992 spi3 W 0x1c <- 0x18000001
610447040 spi3 W 0x1c <- 0x18000001
610447056 spi3 R 0x38 -> 0x00000210
610447088 spi3 W 0x38 <- 0x00000200
610447104 spi3 R 0x38 -> 0x00000210
610447136 spi3 W 0x38 <- 0x00000210
610447152 spi3 R 0x38 -> 0x00000210
610447184 spi3 W 0x38 <- 0x00000210
610498048 gpio R 0x240 -> 0x00000000
610498080 gpio W 0x240 <- 0x00000000 (ignored)
610506136 spi3 W 0x34 <- 0x00000000
610506296 spi3 W 0x34 <- 0x00000000
610506320 spi3 W 0x18 <- 0x000674e7
610506568 spi3 W 0x34 <- 0x00000000
610506616 spi3 W 0x1c <- 0x18000001
610506728 spi3 W 0x1c <- 0x18000001
610506808 spi3 W 0x1c <- 0x18000001
610506968 spi3 W 0x1c <- 0x18000001
610507128 spi3 W 0x1c <- 0x18000011
610507200 spi3 W 0x34 <- 0x00000000
610507288 spi3 W 0x34 <- 0x00000002
610507376 spi3 W 0x34 <- 0x00000006
610509400 spi3 R 0x38 -> 0x00000210
610509432 spi3 W 0x38 <- 0x00000200
610509448 spi3 R 0x00 -> 0x00000000
610509592 spi3 W 0x1c <- 0x18000011
610509792 spi3 W 0x1c <- 0x18000011
610510088 spi3 W 0x28 <- 0x0000001f
610510216 spi3 W 0x2c <- 0x0000001f
610510360 spi3 W 0x20 <- 0xfc000000
610510440 spi3 W 0x1c <- 0x18000011
610510512 spi3 W 0x24 <- 0xf0000000
610510592 spi3 W 0x1c <- 0x18000011
610510928 spi3 W 0x24 <- 0xf0000000
610511096 spi3 W 0x04 <- 0x00000000
610511184 spi3 W 0x34 <- 0x00000006
610511848 spi3 W 0x1c <- 0x18000011
610511920 spi3 W 0x1c <- 0x18000011
610511992 spi3 R 0x00 -> 0x00000000
610512024 spi3 W 0x00 <- 0x00040000
610512024 spi3 xfer cmd=2 addr=0 tx=4 rx=4 pin=0x6 (CS0..2 some enabled)
610512024 ssi[vspi] cs=0 (ASSERTED, frame reset)
610512024 ssi[vspi] idx=0 mosi=00 miso=de
610512024 ssi[vspi] idx=1 mosi=00 miso=ad
610512024 ssi[vspi] idx=2 mosi=ad miso=be
610512024 ssi[vspi] idx=3 mosi=be miso=ef
610512024 ssi[vspi] idx=4 mosi=ef miso=14
610512024 ssi[vspi] idx=5 mosi=40 miso=15
610512024 ssi[vspi] cs=1 (deasserted)
610512488 spi3 R 0x38 -> 0x00000210
610654720 spi3 R 0x38 -> 0x00000210
610654752 spi3 W 0x38 <- 0x00000200
610654768 spi3 R 0x00 -> 0x00000000
610654912 spi3 W 0x1c <- 0x18000011
610655112 spi3 W 0x1c <- 0x18000011
610655408 spi3 W 0x28 <- 0x0000001f
610655536 spi3 W 0x2c <- 0x0000001f
610655680 spi3 W 0x20 <- 0xfc000000
610655760 spi3 W 0x1c <- 0x18000011
610655832 spi3 W 0x24 <- 0xf0000000
610655912 spi3 W 0x1c <- 0x18000011
610656248 spi3 W 0x24 <- 0xf0000000
610656416 spi3 W 0x04 <- 0x00000000
610656504 spi3 W 0x34 <- 0x00000006
610657264 spi3 W 0x80 <- 0xffffffff
610657488 spi3 W 0x1c <- 0x18000011
610657560 spi3 W 0x1c <- 0x18000011
610657632 spi3 R 0x00 -> 0x00000000
610657664 spi3 W 0x00 <- 0x00040000
610657664 spi3 xfer cmd=2 addr=0 tx=4 rx=4 pin=0x6 (CS0..2 some enabled)
610657664 ssi[vspi] cs=0 (ASSERTED, frame reset)
610657664 ssi[vspi] idx=0 mosi=00 miso=de
610657664 ssi[vspi] idx=1 mosi=00 miso=ad
610657664 ssi[vspi] idx=2 mosi=ff miso=be
610657664 ssi[vspi] idx=3 mosi=ff miso=ef
610657664 ssi[vspi] idx=4 mosi=ff miso=14
610657664 ssi[vspi] idx=5 mosi=ff miso=15
610657664 ssi[vspi] cs=1 (deasserted)
610658128 spi3 R 0x38 -> 0x00000210
610804144 spi3 R 0x38 -> 0x00000210
610804176 spi3 W 0x38 <- 0x00000200
610804192 spi3 R 0x00 -> 0x00000000
610804336 spi3 W 0x1c <- 0x18000011
610804536 spi3 W 0x1c <- 0x18000011
610804832 spi3 W 0x28 <- 0x0000001f
610804960 spi3 W 0x2c <- 0x0000001f
610805104 spi3 W 0x20 <- 0xfc000000
610805184 spi3 W 0x1c <- 0x18000011
610805256 spi3 W 0x24 <- 0xf0000000
610805336 spi3 W 0x1c <- 0x18000011
610805672 spi3 W 0x24 <- 0xf0000000
610805840 spi3 W 0x04 <- 0x00000000
610805928 spi3 W 0x34 <- 0x00000006
610806688 spi3 W 0x80 <- 0x00000080
610806912 spi3 W 0x1c <- 0x18000011
610806984 spi3 W 0x1c <- 0x18000011
610807056 spi3 R 0x00 -> 0x00000000
610807088 spi3 W 0x00 <- 0x00040000
610807088 spi3 xfer cmd=2 addr=0 tx=4 rx=4 pin=0x6 (CS0..2 some enabled)
610807088 ssi[vspi] cs=0 (ASSERTED, frame reset)
610807088 ssi[vspi] idx=0 mosi=00 miso=de
610807088 ssi[vspi] idx=1 mosi=00 miso=ad
610807088 ssi[vspi] idx=2 mosi=80 miso=be
610807088 ssi[vspi] idx=3 mosi=00 miso=ef
610807088 ssi[vspi] idx=4 mosi=00 miso=14
610807088 ssi[vspi] idx=5 mosi=00 miso=15
610807088 ssi[vspi] cs=1 (deasserted)
610807552 spi3 R 0x38 -> 0x00000210
1110417527 spi2 W 0x100 <- 0x00001000
1110417599 spi2 W 0x100 <- 0x00000400
1110417831 spi2 W 0x100 <- 0x00000800
1110453303 gpio R 0x158 -> 0x00000000
1110453335 gpio W 0x158 <- 0x00000000 (ignored)
1110455815 gpio R 0x154 -> 0x00000000
1110455847 gpio W 0x154 <- 0x00000000 (ignored)
1110458407 gpio R 0x150 -> 0x00000000
1110458439 gpio W 0x150 <- 0x00000000 (ignored)
1110523735 spi2 W 0x1c <- 0x00000000
1110523783 spi2 W 0x1c <- 0x00000000
1110523799 spi2 R 0x38 -> 0x00000210
1110523831 spi2 W 0x38 <- 0x00000200
1110523847 spi2 R 0x38 -> 0x00000210
1110523879 spi2 W 0x38 <- 0x00000210
1110523895 spi2 R 0x38 -> 0x00000210
1110523927 spi2 W 0x38 <- 0x00000210
1110588191 gpio R 0x15c -> 0x00000000
1110588223 gpio W 0x15c <- 0x00000000 (ignored)
1110598015 spi2 W 0x34 <- 0x00000006
1110598175 spi2 W 0x34 <- 0x00000006
1110598199 spi2 W 0x18 <- 0x000674e7
1110598447 spi2 W 0x34 <- 0x00000006
1110598495 spi2 W 0x1c <- 0x00000000
1110598607 spi2 W 0x1c <- 0x00000001
1110598687 spi2 W 0x1c <- 0x00000001
1110598847 spi2 W 0x1c <- 0x00000001
1110599007 spi2 W 0x1c <- 0x00000011
1110599079 spi2 W 0x34 <- 0x00000006
1110599167 spi2 W 0x34 <- 0x00000006
1110599255 spi2 W 0x34 <- 0x00000006
1110601279 spi2 R 0x38 -> 0x00000210
1110601311 spi2 W 0x38 <- 0x00000200
1110601327 spi2 R 0x00 -> 0x00000000
1110601471 spi2 W 0x1c <- 0x00000011
1110601671 spi2 W 0x1c <- 0x00000011
1110601967 spi2 W 0x28 <- 0x0000001f
1110602095 spi2 W 0x2c <- 0x0000001f
1110602239 spi2 W 0x20 <- 0xfc000007
1110602319 spi2 W 0x1c <- 0x00000011
1110602391 spi2 W 0x24 <- 0xf0000000
1110602471 spi2 W 0x1c <- 0x00000011
1110602807 spi2 W 0x24 <- 0xf0000000
1110602975 spi2 W 0x04 <- 0x00000000
1110603063 spi2 W 0x34 <- 0x00000006
1110604151 spi2 W 0x100 <- 0x00000004
1110604199 spi2 W 0x100 <- 0x00000000
1110604279 spi2 W 0x100 <- 0x00000030
1110604327 spi2 W 0x100 <- 0x00000000
1110604527 spi2 W 0x108 <- 0x000e0644
1110604575 spi2 W 0x108 <- 0x20000000
1110604815 spi2 W 0x1c <- 0x08000011
1110604887 spi2 W 0x1c <- 0x18000011
1110604959 spi2 R 0x00 -> 0x00000000
1110604991 spi2 W 0x00 <- 0x00040000
1110604991 spi2 xfer cmd=2 addr=0 tx=4 rx=4 pin=0x6 (CS0..2 some enabled)
1110604991 ssi[hspi] cs=0 (ASSERTED, frame reset)
1110604991 ssi[hspi] idx=0 mosi=00 miso=de
1110604991 ssi[hspi] idx=1 mosi=00 miso=ad
1110604991 ssi[hspi] idx=2 mosi=00 miso=be
1110604991 ssi[hspi] idx=3 mosi=00 miso=ef
1110604991 ssi[hspi] idx=4 mosi=00 miso=14
1110604991 ssi[hspi] idx=5 mosi=00 miso=15
1110604991 ssi[hspi] cs=1 (deasserted)
1110605455 spi2 R 0x38 -> 0x00000210
1110754527 spi2 R 0x38 -> 0x00000210
1110754559 spi2 W 0x38 <- 0x00000200
1110754575 spi2 R 0x00 -> 0x00000000
1110754719 spi2 W 0x1c <- 0x18000011
1110754919 spi2 W 0x1c <- 0x18000011
1110755215 spi2 W 0x28 <- 0x0000003f
1110755343 spi2 W 0x2c <- 0x0000003f
1110755487 spi2 W 0x20 <- 0xfc000007
1110755567 spi2 W 0x1c <- 0x18000011
1110755639 spi2 W 0x24 <- 0xf0000000
1110755719 spi2 W 0x1c <- 0x18000011
1110756055 spi2 W 0x24 <- 0xf0000000
1110756223 spi2 W 0x04 <- 0x00000000
1110756311 spi2 W 0x34 <- 0x00000006
1110757399 spi2 W 0x100 <- 0x00000004
1110757447 spi2 W 0x100 <- 0x00000000
1110757527 spi2 W 0x100 <- 0x00000030
1110757575 spi2 W 0x100 <- 0x00000000
1110757775 spi2 W 0x108 <- 0x000e0644
1110757823 spi2 W 0x108 <- 0x20000000
1110758063 spi2 W 0x1c <- 0x18000011
1110758135 spi2 W 0x1c <- 0x18000011
1110758207 spi2 R 0x00 -> 0x00000000
1110758239 spi2 W 0x00 <- 0x00040000
1110758239 spi2 xfer cmd=2 addr=0 tx=8 rx=8 pin=0x6 (CS0..2 some enabled)
1110758239 ssi[hspi] cs=0 (ASSERTED, frame reset)
1110758239 ssi[hspi] idx=0 mosi=00 miso=de
1110758239 ssi[hspi] idx=1 mosi=00 miso=ad
1110758239 ssi[hspi] idx=2 mosi=be miso=be
1110758239 ssi[hspi] idx=3 mosi=ef miso=ef
1110758239 ssi[hspi] idx=4 mosi=14 miso=14
1110758239 ssi[hspi] idx=5 mosi=15 miso=15
1110758239 ssi[hspi] idx=6 mosi=00 miso=16
1110758239 ssi[hspi] idx=7 mosi=00 miso=17
1110758239 ssi[hspi] idx=8 mosi=00 miso=18
1110758239 ssi[hspi] idx=9 mosi=00 miso=19
1110758239 ssi[hspi] cs=1 (deasserted)
1110758703 spi2 R 0x38 -> 0x00000210
1110985343 gpio R 0x0ec -> 0x00000000
1110985375 gpio W 0x0ec <- 0x00000000 (ignored)
1110985439 gpio W 0x04c <- 0x02000000 (ignored)
1110988943 gpio W 0x028 <- 0x02000000 (ignored)
1110989007 gpio R 0x594 -> 0x00000000
1110989039 gpio W 0x594 <- 0x00000000 (ignored)
1110989055 gpio R 0x594 -> 0x00000000
1110989087 gpio W 0x594 <- 0x00000400 (ignored)
1110995727 gpio R 0x594 -> 0x00000000
1110995775 gpio W 0x594 <- 0x00000100 (ignored)
1110995791 gpio R 0x594 -> 0x00000000
1110995823 gpio W 0x594 <- 0x00000000 (ignored)
1110995887 gpio W 0x024 <- 0x02000000 (ignored)
1110996263 gpio R 0x0ec -> 0x00000000
1110996295 gpio W 0x0ec <- 0x00000000 (ignored)
1110996591 gpio W 0x008 <- 0x02000000 (ignored)
1110996639 gpio R 0x004 -> 0x00000000
1110996663 gpio R 0x020 -> 0x00000000
1110996751 gpio R 0x03c -> 0x00000000
1111094839 gpio R 0x0f4 -> 0x00000000
1111094871 gpio W 0x0f4 <- 0x00000000 (ignored)
1111095151 gpio W 0x028 <- 0x08000000 (ignored)
1111095215 gpio R 0x59c -> 0x00000000
1111095247 gpio W 0x59c <- 0x00000000 (ignored)
1111095263 gpio R 0x59c -> 0x00000000
1111095295 gpio W 0x59c <- 0x00000400 (ignored)
1111098935 gpio R 0x0f4 -> 0x00000000
1111098991 gpio W 0x0f4 <- 0x00000100 (ignored)
1111100615 gpio W 0x04c <- 0x08000000 (ignored)
1111100671 gpio R 0x0f4 -> 0x00000000
1111100719 gpio W 0x0f4 <- 0x00008000 (ignored)
1111102823 gpio R 0x03c -> 0x00000000
1111102887 gpio R 0x03c -> 0x00000000
1111318279 gpio R 0x0f4 -> 0x00000000
1111318311 gpio W 0x0f4 <- 0x00000000 (ignored)
1111318375 gpio W 0x04c <- 0x08000000 (ignored)
1111318671 gpio W 0x04c <- 0x08000000 (ignored)
1111318727 gpio R 0x0f4 -> 0x00000000
1111318775 gpio W 0x0f4 <- 0x00008000 (ignored)
