passed True None
  0 expect True ARD max31855 begin
  1 expect True ARD ax=0.2500 ain0=1.6500 tc=31.25 err=0 btn=1
  2 expect True ARD ax=0.2500 ain0=1.6500 tc=31.25 err=0 btn=1
  3 expect_gpio True {'window_ms': [900.0, 2900.0], 'edges': 4, 'rising_edges': 2, 'freq_hz': 1.0, 'pin': 25, 'level_at_end': 0}
  4 gpio_set True {'events': [{'pin': 27, 'level': 0, 'at_ms': 3000.0}], 'deterministic': True}
  5 expect True ARD ax=0.2500 ain0=1.6500 tc=31.25 err=0 btn=0
ets Jul 29 2019 12:21:46

rst:0x1 (POWERON_RESET),boot:0x12 (SPI_FAST_FLASH_BOOT)
configsip: 0, SPIWP:0xee
clk_drv:0x00,q_drv:0x00,d_drv:0x00,cs0_drv:0x00,hd_drv:0x00,wp_drv:0x00
mode:DIO, clock div:2
load:0x3fff0030,len:1184
load:0x40078000,len:13232
load:0x40080400,len:3028
entry 0x400805e4
ARD who_am_i=0x68
ARD max31855 begin=1
ARD ax=0.2500 ain0=1.6500 tc=31.25 err=0 btn=1
ARD ax=0.2500 ain0=1.6500 tc=31.25 err=0 btn=1
ARD ax=0.2500 ain0=1.6500 tc=31.25 err=0 btn=1
ARD ax=0.2500 ain0=1.6500 tc=31.25 err=0 btn=1
ARD ax=0.2500 ain0=1.6500 tc=31.25 err=0 btn=1
ARD ax=0.2500 ain0=1.6500 tc=31.25 err=0 btn=1
ARD ax=0.2500 ain0=1.6500 tc=31.25 err=0 btn=0

